\BOOKMARK [1][-]{section.1}{\376\377\0001\000.\000\040\000M\000o\000t\000i\000v\000a\000t\000i\000o\000n\000\040\000a\000n\000d\000\040\000C\000o\000n\000t\000e\000x\000t}{}% 1
\BOOKMARK [1][-]{section.2}{\376\377\0002\000.\000\040\000C\000o\000n\000c\000e\000p\000t\000u\000a\000l\000\040\000O\000v\000e\000r\000v\000i\000e\000w}{}% 2
\BOOKMARK [1][-]{section.3}{\376\377\0003\000.\000\040\000G\000o\000v\000e\000r\000n\000i\000n\000g\000\040\000P\000r\000i\000n\000c\000i\000p\000l\000e}{}% 3
\BOOKMARK [1][-]{section.4}{\376\377\0004\000.\000\040\000A\000r\000c\000h\000i\000t\000e\000c\000t\000u\000r\000a\000l\000\040\000P\000r\000o\000p\000e\000r\000t\000i\000e\000s}{}% 4
\BOOKMARK [2][-]{subsection.4.1}{\376\377\0004\000.\0001\000\040\000N\000o\000\040\000C\000l\000o\000c\000k}{section.4}% 5
\BOOKMARK [2][-]{subsection.4.2}{\376\377\0004\000.\0002\000\040\000N\000o\000\040\000P\000r\000o\000g\000r\000a\000m\000\040\000/\000\040\000N\000o\000\040\000I\000n\000s\000t\000r\000u\000c\000t\000i\000o\000n\000s}{section.4}% 6
\BOOKMARK [2][-]{subsection.4.3}{\376\377\0004\000.\0003\000\040\000U\000n\000i\000f\000i\000e\000d\000\040\000M\000e\000m\000o\000r\000y\000\040\000a\000n\000d\000\040\000C\000o\000m\000p\000u\000t\000e}{section.4}% 7
\BOOKMARK [2][-]{subsection.4.4}{\376\377\0004\000.\0004\000\040\000S\000o\000f\000t\000\040\000A\000d\000a\000p\000t\000a\000t\000i\000o\000n}{section.4}% 8
\BOOKMARK [2][-]{subsection.4.5}{\376\377\0004\000.\0005\000\040\000D\000i\000f\000f\000u\000s\000i\000v\000e\000\040\000L\000e\000a\000r\000n\000i\000n\000g}{section.4}% 9
\BOOKMARK [1][-]{section.5}{\376\377\0005\000.\000\040\000L\000e\000a\000r\000n\000i\000n\000g\000\040\000a\000n\000d\000\040\000S\000t\000a\000b\000i\000l\000i\000t\000y}{}% 10
\BOOKMARK [1][-]{section.6}{\376\377\0006\000.\000\040\000C\000o\000m\000p\000u\000t\000a\000t\000i\000o\000n\000a\000l\000\040\000C\000a\000p\000a\000b\000i\000l\000i\000t\000i\000e\000s}{}% 11
\BOOKMARK [1][-]{section.7}{\376\377\0007\000.\000\040\000R\000e\000l\000a\000t\000i\000o\000n\000\040\000t\000o\000\040\000E\000x\000i\000s\000t\000i\000n\000g\000\040\000P\000a\000r\000a\000d\000i\000g\000m\000s}{}% 12
\BOOKMARK [1][-]{section.8}{\376\377\0008\000.\000\040\000D\000i\000a\000g\000r\000a\000m\000m\000a\000t\000i\000c\000\040\000E\000x\000p\000l\000a\000n\000a\000t\000i\000o\000n\000\040\000\050\000T\000e\000x\000t\000u\000a\000l\000\051}{}% 13
\BOOKMARK [1][-]{section.9}{\376\377\0009\000.\000\040\000M\000i\000n\000i\000m\000a\000l\000\040\000P\000h\000y\000s\000i\000c\000a\000l\000\040\000P\000r\000o\000t\000o\000t\000y\000p\000e}{}% 14
\BOOKMARK [2][-]{subsection.9.1}{\376\377\0009\000.\0001\000\040\000P\000h\000y\000s\000i\000c\000a\000l\000\040\000C\000o\000m\000p\000o\000n\000e\000n\000t\000s}{section.9}% 15
\BOOKMARK [2][-]{subsection.9.2}{\376\377\0009\000.\0002\000\040\000O\000p\000e\000r\000a\000t\000i\000o\000n}{section.9}% 16
\BOOKMARK [2][-]{subsection.9.3}{\376\377\0009\000.\0003\000\040\000S\000u\000c\000c\000e\000s\000s\000\040\000C\000r\000i\000t\000e\000r\000i\000a}{section.9}% 17
\BOOKMARK [1][-]{section.10}{\376\377\0001\0000\000.\000\040\000T\000e\000r\000m\000i\000n\000o\000l\000o\000g\000y}{}% 18
\BOOKMARK [1][-]{section.11}{\376\377\0001\0001\000.\000\040\000C\000o\000n\000c\000e\000p\000t\000\040\000S\000u\000m\000m\000a\000r\000y}{}% 19
\BOOKMARK [2][-]{subsection.11.1}{\376\377\000C\000o\000r\000e\000\040\000P\000r\000i\000n\000c\000i\000p\000l\000e\000s}{section.11}% 20
\BOOKMARK [1][-]{section.12}{\376\377\0001\0002\000.\000\040\000M\000i\000n\000i\000m\000a\000l\000\040\000S\000i\000m\000u\000l\000a\000t\000i\000o\000n\000\040\000M\000o\000d\000e\000l\000\040\000\050\000C\000o\000n\000c\000e\000p\000t\000u\000a\000l\000\040\000+\000\040\000P\000s\000e\000u\000d\000o\000c\000o\000d\000e\000\051}{}% 21
\BOOKMARK [1][-]{section.13}{\376\377\0001\0003\000.\000\040\000C\000o\000n\000c\000l\000u\000s\000i\000o\000n}{}% 22
\BOOKMARK [1][-]{section.14}{\376\377\000S\000u\000p\000p\000l\000e\000m\000e\000n\000t\000a\000r\000y\000\040\000M\000a\000t\000e\000r\000i\000a\000l}{}% 23
\BOOKMARK [2][-]{subsection.14.1}{\376\377\000N\000u\000m\000e\000r\000i\000c\000a\000l\000\040\000S\000i\000m\000u\000l\000a\000t\000i\000o\000n\000\040\000D\000e\000t\000a\000i\000l\000s}{section.14}% 24
\BOOKMARK [2][-]{subsection.14.2}{\376\377\000U\000p\000d\000a\000t\000e\000\040\000E\000q\000u\000a\000t\000i\000o\000n\000s}{section.14}% 25
\BOOKMARK [2][-]{subsection.14.3}{\376\377\000I\000n\000t\000e\000r\000p\000r\000e\000t\000a\000t\000i\000o\000n\000\040\000a\000s\000\040\000P\000h\000y\000s\000i\000c\000a\000l\000\040\000L\000e\000a\000r\000n\000i\000n\000g}{section.14}% 26
\BOOKMARK [2][-]{subsection.14.4}{\376\377\000T\000i\000m\000e\000-\000S\000t\000a\000c\000k\000e\000d\000\040\000A\000b\000s\000o\000r\000p\000t\000i\000o\000n\000\040\000E\000v\000o\000l\000u\000t\000i\000o\000n}{section.14}% 27
\BOOKMARK [2][-]{subsection.14.5}{\376\377\000A\000b\000s\000o\000r\000p\000t\000i\000o\000n\000\040\000T\000r\000a\000n\000s\000i\000t\000i\000o\000n\000\040\000M\000a\000p}{section.14}% 28
\BOOKMARK [2][-]{subsection.14.6}{\376\377\000E\000n\000e\000r\000g\000y\000\040\000D\000i\000s\000s\000i\000p\000a\000t\000i\000o\000n\000\040\000a\000n\000d\000\040\000S\000t\000a\000b\000i\000l\000i\000t\000y}{section.14}% 29
\BOOKMARK [2][-]{subsection.14.7}{\376\377\000R\000e\000l\000a\000t\000i\000o\000n\000\040\000t\000o\000\040\000A\000t\000t\000r\000a\000c\000t\000o\000r\000\040\000C\000o\000m\000p\000u\000t\000i\000n\000g}{section.14}% 30
